interactions:
- request:
    body: null
    headers:
      Accept-Encoding:
      - gzip, deflate
      Connection:
      - keep-alive
      User-Agent:
      - pylzy 1.13.0 (https://lzy.ai)
    method: GET
    uri: https://test.pypi.org/simple/pip/
  response:
    body:
      string: "<!DOCTYPE html>\n<html>\n  <head>\n    <meta name=\"pypi:repository-version\"
        content=\"1.1\">\n    <title>Links for pip</title>\n  </head>\n  <body>\n
        \   <h1>Links for pip</h1>\n    <a href=\"https://test-files.pythonhosted.org/packages/13/41/026052a5e1f3aaf2abf250da55457769896ad09d714684ca6075813dde87/pip-8.0.0.dev0-py2.py3-none-any.whl#sha256=59b14599cd1a90e7eba6b039a7456e53c81d53cf0e04fc4c08406493616c775b\"
        >pip-8.0.0.dev0-py2.py3-none-any.whl</a><br />\n    <a href=\"https://test-files.pythonhosted.org/packages/81/7f/84ebb5c50e0efdf746968b72e4f1e8d827d6d3f3fd7162557a38a3f6e7bd/pip-8.0.0.dev0.tar.gz#sha256=e5d1123154b41d1f94f2c154d32d3e2f221171f4340877e80f9a353d2dcdb914\"
        >pip-8.0.0.dev0.tar.gz</a><br />\n    <a href=\"https://test-files.pythonhosted.org/packages/97/72/1d514201e7d7fc7fff5aac3de9c7b892cd72fb4bf23fd983630df96f7412/pip-10.0.0b2-py2.py3-none-any.whl#sha256=79f55588912f1b2b4f86f96f11e329bb01b25a484e2204f245128b927b1038a7\"
        data-requires-python=\"&gt;=2.7,!=3.0.*,!=3.1.*,!=3.2.*\" >pip-10.0.0b2-py2.py3-none-any.whl</a><br
        />\n    <a href=\"https://test-files.pythonhosted.org/packages/32/67/572f642e6e42c580d3154964cfbab7d9322c23b0f417c6c01fdd206a2777/pip-10.0.0b2.tar.gz#sha256=ad6adec2150ce4aed8f6134d9b77d928fc848dbcb887fb1a455988cf99da5cae\"
        data-requires-python=\"&gt;=2.7,!=3.0.*,!=3.1.*,!=3.2.*\" >pip-10.0.0b2.tar.gz</a><br
        />\n    <a href=\"https://test-files.pythonhosted.org/packages/62/a1/0d452b6901b0157a0134fd27ba89bf95a857fbda64ba52e1ca2cf61d8412/pip-10.0.0-py2.py3-none-any.whl#sha256=86a60a96d85e329962a9e6f6af612cbc11106293dbc83f119802b5bee9874cf3\"
        data-requires-python=\"&gt;=2.7,!=3.0.*,!=3.1.*,!=3.2.*\" >pip-10.0.0-py2.py3-none-any.whl</a><br
        />\n    <a href=\"https://test-files.pythonhosted.org/packages/e0/69/983a8e47d3dfb51e1463c1e962b2ccd1d74ec4e236e232625e353d830ed2/pip-10.0.0.tar.gz#sha256=f05a3eeea64bce94e85cc6671d679473d66288a4d37c3fcf983584954096b34f\"
        data-requires-python=\"&gt;=2.7,!=3.0.*,!=3.1.*,!=3.2.*\" >pip-10.0.0.tar.gz</a><br
        />\n    <a href=\"https://test-files.pythonhosted.org/packages/0f/74/ecd13431bcc456ed390b44c8a6e917c1820365cbebcb6a8974d1cd045ab4/pip-10.0.1-py2.py3-none-any.whl#sha256=717cdffb2833be8409433a93746744b59505f42146e8d37de6c62b430e25d6d7\"
        data-requires-python=\"&gt;=2.7,!=3.0.*,!=3.1.*,!=3.2.*\" >pip-10.0.1-py2.py3-none-any.whl</a><br
        />\n    <a href=\"https://test-files.pythonhosted.org/packages/ae/e8/2340d46ecadb1692a1e455f13f75e596d4eab3d11a57446f08259dee8f02/pip-10.0.1.tar.gz#sha256=f2bd08e0cd1b06e10218feaf6fef299f473ba706582eb3bd9d52203fdbd7ee68\"
        data-requires-python=\"&gt;=2.7,!=3.0.*,!=3.1.*,!=3.2.*\" >pip-10.0.1.tar.gz</a><br
        />\n    <a href=\"https://test-files.pythonhosted.org/packages/5f/25/e52d3f31441505a5f3af41213346e5b6c221c9e086a166f3703d2ddaf940/pip-18.0-py2.py3-none-any.whl#sha256=070e4bf493c7c2c9f6a08dd797dd3c066d64074c38e9e8a0fb4e6541f266d96c\"
        data-requires-python=\"&gt;=2.7,!=3.0.*,!=3.1.*,!=3.2.*,!=3.3.*\" >pip-18.0-py2.py3-none-any.whl</a><br
        />\n    <a href=\"https://test-files.pythonhosted.org/packages/69/81/52b68d0a4de760a2f1979b0931ba7889202f302072cc7a0d614211bc7579/pip-18.0.tar.gz#sha256=a0e11645ee37c90b40c46d607070c4fd583e2cd46231b1c06e389c5e814eed76\"
        data-requires-python=\"&gt;=2.7,!=3.0.*,!=3.1.*,!=3.2.*,!=3.3.*\" >pip-18.0.tar.gz</a><br
        />\n    <a href=\"https://test-files.pythonhosted.org/packages/c2/d7/90f34cb0d83a6c5631cf71dfe64cc1054598c843a92b400e55675cc2ac37/pip-18.1-py2.py3-none-any.whl#sha256=7909d0a0932e88ea53a7014dfd14522ffef91a464daaaf5c573343852ef98550\"
        data-requires-python=\"&gt;=2.7,!=3.0.*,!=3.1.*,!=3.2.*,!=3.3.*\" >pip-18.1-py2.py3-none-any.whl</a><br
        />\n    <a href=\"https://test-files.pythonhosted.org/packages/45/ae/8a0ad77defb7cc903f09e551d88b443304a9bd6e6f124e75c0fbbf6de8f7/pip-18.1.tar.gz#sha256=c0a292bd977ef590379a3f05d7b7f65135487b67470f6281289a94e015650ea1\"
        data-requires-python=\"&gt;=2.7,!=3.0.*,!=3.1.*,!=3.2.*,!=3.3.*\" >pip-18.1.tar.gz</a><br
        />\n    </body>\n</html>\n<!--SERIAL 540778-->"
    headers:
      Accept-Ranges:
      - bytes
      Access-Control-Allow-Headers:
      - Content-Type, If-Match, If-Modified-Since, If-None-Match, If-Unmodified-Since
      Access-Control-Allow-Methods:
      - GET
      Access-Control-Allow-Origin:
      - '*'
      Access-Control-Expose-Headers:
      - X-PyPI-Last-Serial
      Access-Control-Max-Age:
      - '86400'
      Cache-Control:
      - max-age=600, public
      Connection:
      - keep-alive
      Content-Security-Policy:
      - default-src 'none'; sandbox allow-top-navigation
      Content-Type:
      - text/html
      Date:
      - Wed, 24 May 2023 17:11:53 GMT
      ETag:
      - '"LSz0fkR/e5sDvk8PylSrdA"'
      Referrer-Policy:
      - origin-when-cross-origin
      Server:
      - nginx/1.13.9
      Strict-Transport-Security:
      - max-age=31536000; includeSubDomains; preload
      Vary:
      - Accept-Encoding, Accept
      X-Cache:
      - HIT, HIT
      X-Cache-Hits:
      - 7425, 1
      X-Content-Type-Options:
      - nosniff
      X-Frame-Options:
      - deny
      X-Permitted-Cross-Domain-Policies:
      - none
      X-PyPI-Last-Serial:
      - '540778'
      X-Served-By:
      - cache-iad-kjyo7100070-IAD, cache-bma1672-BMA
      X-Timer:
      - S1684948314.961489,VS0,VE2
      X-XSS-Protection:
      - 1; mode=block
      content-length:
      - '3915'
    status:
      code: 200
      message: OK
- request:
    body: null
    headers:
      Accept-Encoding:
      - gzip, deflate
      Connection:
      - keep-alive
      User-Agent:
      - pylzy 1.13.0 (https://lzy.ai)
    method: GET
    uri: https://test.pypi.org/simple/pip/
  response:
    body:
      string: "<!DOCTYPE html>\n<html>\n  <head>\n    <meta name=\"pypi:repository-version\"
        content=\"1.1\">\n    <title>Links for pip</title>\n  </head>\n  <body>\n
        \   <h1>Links for pip</h1>\n    <a href=\"https://test-files.pythonhosted.org/packages/13/41/026052a5e1f3aaf2abf250da55457769896ad09d714684ca6075813dde87/pip-8.0.0.dev0-py2.py3-none-any.whl#sha256=59b14599cd1a90e7eba6b039a7456e53c81d53cf0e04fc4c08406493616c775b\"
        >pip-8.0.0.dev0-py2.py3-none-any.whl</a><br />\n    <a href=\"https://test-files.pythonhosted.org/packages/81/7f/84ebb5c50e0efdf746968b72e4f1e8d827d6d3f3fd7162557a38a3f6e7bd/pip-8.0.0.dev0.tar.gz#sha256=e5d1123154b41d1f94f2c154d32d3e2f221171f4340877e80f9a353d2dcdb914\"
        >pip-8.0.0.dev0.tar.gz</a><br />\n    <a href=\"https://test-files.pythonhosted.org/packages/97/72/1d514201e7d7fc7fff5aac3de9c7b892cd72fb4bf23fd983630df96f7412/pip-10.0.0b2-py2.py3-none-any.whl#sha256=79f55588912f1b2b4f86f96f11e329bb01b25a484e2204f245128b927b1038a7\"
        data-requires-python=\"&gt;=2.7,!=3.0.*,!=3.1.*,!=3.2.*\" >pip-10.0.0b2-py2.py3-none-any.whl</a><br
        />\n    <a href=\"https://test-files.pythonhosted.org/packages/32/67/572f642e6e42c580d3154964cfbab7d9322c23b0f417c6c01fdd206a2777/pip-10.0.0b2.tar.gz#sha256=ad6adec2150ce4aed8f6134d9b77d928fc848dbcb887fb1a455988cf99da5cae\"
        data-requires-python=\"&gt;=2.7,!=3.0.*,!=3.1.*,!=3.2.*\" >pip-10.0.0b2.tar.gz</a><br
        />\n    <a href=\"https://test-files.pythonhosted.org/packages/62/a1/0d452b6901b0157a0134fd27ba89bf95a857fbda64ba52e1ca2cf61d8412/pip-10.0.0-py2.py3-none-any.whl#sha256=86a60a96d85e329962a9e6f6af612cbc11106293dbc83f119802b5bee9874cf3\"
        data-requires-python=\"&gt;=2.7,!=3.0.*,!=3.1.*,!=3.2.*\" >pip-10.0.0-py2.py3-none-any.whl</a><br
        />\n    <a href=\"https://test-files.pythonhosted.org/packages/e0/69/983a8e47d3dfb51e1463c1e962b2ccd1d74ec4e236e232625e353d830ed2/pip-10.0.0.tar.gz#sha256=f05a3eeea64bce94e85cc6671d679473d66288a4d37c3fcf983584954096b34f\"
        data-requires-python=\"&gt;=2.7,!=3.0.*,!=3.1.*,!=3.2.*\" >pip-10.0.0.tar.gz</a><br
        />\n    <a href=\"https://test-files.pythonhosted.org/packages/0f/74/ecd13431bcc456ed390b44c8a6e917c1820365cbebcb6a8974d1cd045ab4/pip-10.0.1-py2.py3-none-any.whl#sha256=717cdffb2833be8409433a93746744b59505f42146e8d37de6c62b430e25d6d7\"
        data-requires-python=\"&gt;=2.7,!=3.0.*,!=3.1.*,!=3.2.*\" >pip-10.0.1-py2.py3-none-any.whl</a><br
        />\n    <a href=\"https://test-files.pythonhosted.org/packages/ae/e8/2340d46ecadb1692a1e455f13f75e596d4eab3d11a57446f08259dee8f02/pip-10.0.1.tar.gz#sha256=f2bd08e0cd1b06e10218feaf6fef299f473ba706582eb3bd9d52203fdbd7ee68\"
        data-requires-python=\"&gt;=2.7,!=3.0.*,!=3.1.*,!=3.2.*\" >pip-10.0.1.tar.gz</a><br
        />\n    <a href=\"https://test-files.pythonhosted.org/packages/5f/25/e52d3f31441505a5f3af41213346e5b6c221c9e086a166f3703d2ddaf940/pip-18.0-py2.py3-none-any.whl#sha256=070e4bf493c7c2c9f6a08dd797dd3c066d64074c38e9e8a0fb4e6541f266d96c\"
        data-requires-python=\"&gt;=2.7,!=3.0.*,!=3.1.*,!=3.2.*,!=3.3.*\" >pip-18.0-py2.py3-none-any.whl</a><br
        />\n    <a href=\"https://test-files.pythonhosted.org/packages/69/81/52b68d0a4de760a2f1979b0931ba7889202f302072cc7a0d614211bc7579/pip-18.0.tar.gz#sha256=a0e11645ee37c90b40c46d607070c4fd583e2cd46231b1c06e389c5e814eed76\"
        data-requires-python=\"&gt;=2.7,!=3.0.*,!=3.1.*,!=3.2.*,!=3.3.*\" >pip-18.0.tar.gz</a><br
        />\n    <a href=\"https://test-files.pythonhosted.org/packages/c2/d7/90f34cb0d83a6c5631cf71dfe64cc1054598c843a92b400e55675cc2ac37/pip-18.1-py2.py3-none-any.whl#sha256=7909d0a0932e88ea53a7014dfd14522ffef91a464daaaf5c573343852ef98550\"
        data-requires-python=\"&gt;=2.7,!=3.0.*,!=3.1.*,!=3.2.*,!=3.3.*\" >pip-18.1-py2.py3-none-any.whl</a><br
        />\n    <a href=\"https://test-files.pythonhosted.org/packages/45/ae/8a0ad77defb7cc903f09e551d88b443304a9bd6e6f124e75c0fbbf6de8f7/pip-18.1.tar.gz#sha256=c0a292bd977ef590379a3f05d7b7f65135487b67470f6281289a94e015650ea1\"
        data-requires-python=\"&gt;=2.7,!=3.0.*,!=3.1.*,!=3.2.*,!=3.3.*\" >pip-18.1.tar.gz</a><br
        />\n    </body>\n</html>\n<!--SERIAL 540778-->"
    headers:
      Accept-Ranges:
      - bytes
      Access-Control-Allow-Headers:
      - Content-Type, If-Match, If-Modified-Since, If-None-Match, If-Unmodified-Since
      Access-Control-Allow-Methods:
      - GET
      Access-Control-Allow-Origin:
      - '*'
      Access-Control-Expose-Headers:
      - X-PyPI-Last-Serial
      Access-Control-Max-Age:
      - '86400'
      Cache-Control:
      - max-age=600, public
      Connection:
      - keep-alive
      Content-Security-Policy:
      - default-src 'none'; sandbox allow-top-navigation
      Content-Type:
      - text/html
      Date:
      - Wed, 24 May 2023 17:11:53 GMT
      ETag:
      - '"LSz0fkR/e5sDvk8PylSrdA"'
      Referrer-Policy:
      - origin-when-cross-origin
      Server:
      - nginx/1.13.9
      Strict-Transport-Security:
      - max-age=31536000; includeSubDomains; preload
      Vary:
      - Accept-Encoding, Accept
      X-Cache:
      - HIT, HIT
      X-Cache-Hits:
      - 7425, 2
      X-Content-Type-Options:
      - nosniff
      X-Frame-Options:
      - deny
      X-Permitted-Cross-Domain-Policies:
      - none
      X-PyPI-Last-Serial:
      - '540778'
      X-Served-By:
      - cache-iad-kjyo7100070-IAD, cache-bma1672-BMA
      X-Timer:
      - S1684948314.995204,VS0,VE0
      X-XSS-Protection:
      - 1; mode=block
      content-length:
      - '3915'
    status:
      code: 200
      message: OK
- request:
    body: null
    headers:
      Accept-Encoding:
      - gzip, deflate
      Connection:
      - keep-alive
      User-Agent:
      - pylzy 1.13.0 (https://lzy.ai)
    method: GET
    uri: https://test.pypi.org/simple/my-awesome-non-existing-package/
  response:
    body:
      string: 404 Not Found
    headers:
      Accept-Ranges:
      - bytes
      Connection:
      - keep-alive
      Content-Length:
      - '13'
      Content-Security-Policy:
      - default-src 'none'; sandbox allow-top-navigation
      Content-Type:
      - text/plain; charset=UTF-8
      Date:
      - Wed, 24 May 2023 17:11:54 GMT
      Referrer-Policy:
      - origin-when-cross-origin
      Server:
      - nginx/1.13.9
      Strict-Transport-Security:
      - max-age=31536000; includeSubDomains; preload
      Vary:
      - Accept-Encoding
      X-Cache:
      - MISS, MISS
      X-Cache-Hits:
      - 0, 0
      X-Content-Type-Options:
      - nosniff
      X-Frame-Options:
      - deny
      X-Permitted-Cross-Domain-Policies:
      - none
      X-Served-By:
      - cache-iad-kcgs7200105-IAD, cache-bma1672-BMA
      X-Timer:
      - S1684948314.026806,VS0,VE191
      X-XSS-Protection:
      - 1; mode=block
    status:
      code: 404
      message: Not Found
version: 1
